ERROR 2025-12-26 03:38:49,005 basehttp You're accessing the development server over HTTPS, but it only supports HTTP.
ERROR 2025-12-26 03:38:49,005 basehttp You're accessing the development server over HTTPS, but it only supports HTTP.
ERROR 2025-12-26 03:38:52,175 basehttp You're accessing the development server over HTTPS, but it only supports HTTP.
ERROR 2025-12-26 03:38:52,175 basehttp You're accessing the development server over HTTPS, but it only supports HTTP.
ERROR 2025-12-26 03:38:52,176 basehttp You're accessing the development server over HTTPS, but it only supports HTTP.
ERROR 2025-12-26 03:38:52,176 basehttp You're accessing the development server over HTTPS, but it only supports HTTP.
ERROR 2025-12-26 03:38:52,177 basehttp You're accessing the development server over HTTPS, but it only supports HTTP.
ERROR 2025-12-26 03:38:52,177 basehttp You're accessing the development server over HTTPS, but it only supports HTTP.
ERROR 2025-12-26 03:38:56,354 basehttp You're accessing the development server over HTTPS, but it only supports HTTP.
ERROR 2025-12-26 03:38:56,355 basehttp You're accessing the development server over HTTPS, but it only supports HTTP.
ERROR 2025-12-26 03:39:08,356 basehttp You're accessing the development server over HTTPS, but it only supports HTTP.
ERROR 2025-12-26 03:39:08,356 basehttp You're accessing the development server over HTTPS, but it only supports HTTP.
ERROR 2025-12-26 03:39:21,038 basehttp You're accessing the development server over HTTPS, but it only supports HTTP.
ERROR 2025-12-26 03:39:21,038 basehttp You're accessing the development server over HTTPS, but it only supports HTTP.
ERROR 2025-12-26 03:39:35,286 basehttp You're accessing the development server over HTTPS, but it only supports HTTP.
ERROR 2025-12-26 03:39:35,286 basehttp You're accessing the development server over HTTPS, but it only supports HTTP.
ERROR 2025-12-26 03:39:35,287 basehttp You're accessing the development server over HTTPS, but it only supports HTTP.
ERROR 2025-12-26 03:39:35,288 basehttp You're accessing the development server over HTTPS, but it only supports HTTP.
ERROR 2025-12-26 03:39:35,288 basehttp You're accessing the development server over HTTPS, but it only supports HTTP.
ERROR 2025-12-26 03:39:35,288 basehttp You're accessing the development server over HTTPS, but it only supports HTTP.
ERROR 2025-12-26 03:39:39,405 basehttp You're accessing the development server over HTTPS, but it only supports HTTP.
ERROR 2025-12-26 03:39:39,405 basehttp You're accessing the development server over HTTPS, but it only supports HTTP.
ERROR 2025-12-26 03:39:51,403 basehttp You're accessing the development server over HTTPS, but it only supports HTTP.
ERROR 2025-12-26 03:39:51,404 basehttp You're accessing the development server over HTTPS, but it only supports HTTP.
ERROR 2025-12-26 03:39:51,405 basehttp You're accessing the development server over HTTPS, but it only supports HTTP.
ERROR 2025-12-26 03:39:51,405 basehttp You're accessing the development server over HTTPS, but it only supports HTTP.
ERROR 2025-12-26 03:39:51,405 basehttp You're accessing the development server over HTTPS, but it only supports HTTP.
ERROR 2025-12-26 03:39:51,405 basehttp You're accessing the development server over HTTPS, but it only supports HTTP.
ERROR 2025-12-26 03:39:51,937 basehttp You're accessing the development server over HTTPS, but it only supports HTTP.
ERROR 2025-12-26 03:39:51,938 basehttp You're accessing the development server over HTTPS, but it only supports HTTP.
ERROR 2025-12-26 03:39:51,938 basehttp You're accessing the development server over HTTPS, but it only supports HTTP.
ERROR 2025-12-26 03:39:51,938 basehttp You're accessing the development server over HTTPS, but it only supports HTTP.
ERROR 2025-12-26 03:39:52,098 basehttp You're accessing the development server over HTTPS, but it only supports HTTP.
ERROR 2025-12-26 03:39:52,098 basehttp You're accessing the development server over HTTPS, but it only supports HTTP.
ERROR 2025-12-26 03:39:52,098 basehttp You're accessing the development server over HTTPS, but it only supports HTTP.
ERROR 2025-12-26 03:39:52,099 basehttp You're accessing the development server over HTTPS, but it only supports HTTP.
ERROR 2025-12-26 03:39:52,266 basehttp You're accessing the development server over HTTPS, but it only supports HTTP.
ERROR 2025-12-26 03:39:52,266 basehttp You're accessing the development server over HTTPS, but it only supports HTTP.
ERROR 2025-12-26 03:39:52,267 basehttp You're accessing the development server over HTTPS, but it only supports HTTP.
ERROR 2025-12-26 03:39:52,267 basehttp You're accessing the development server over HTTPS, but it only supports HTTP.
ERROR 2025-12-26 03:39:52,267 basehttp You're accessing the development server over HTTPS, but it only supports HTTP.
ERROR 2025-12-26 03:39:52,268 basehttp You're accessing the development server over HTTPS, but it only supports HTTP.
ERROR 2025-12-26 03:39:52,417 basehttp You're accessing the development server over HTTPS, but it only supports HTTP.
ERROR 2025-12-26 03:39:52,417 basehttp You're accessing the development server over HTTPS, but it only supports HTTP.
ERROR 2025-12-26 03:39:52,418 basehttp You're accessing the development server over HTTPS, but it only supports HTTP.
ERROR 2025-12-26 03:39:52,418 basehttp You're accessing the development server over HTTPS, but it only supports HTTP.
ERROR 2025-12-26 03:39:52,577 basehttp You're accessing the development server over HTTPS, but it only supports HTTP.
ERROR 2025-12-26 03:39:52,578 basehttp You're accessing the development server over HTTPS, but it only supports HTTP.
ERROR 2025-12-26 03:39:52,578 basehttp You're accessing the development server over HTTPS, but it only supports HTTP.
ERROR 2025-12-26 03:39:52,578 basehttp You're accessing the development server over HTTPS, but it only supports HTTP.
ERROR 2025-12-26 03:39:52,761 basehttp You're accessing the development server over HTTPS, but it only supports HTTP.
ERROR 2025-12-26 03:39:52,762 basehttp You're accessing the development server over HTTPS, but it only supports HTTP.
ERROR 2025-12-26 03:39:52,762 basehttp You're accessing the development server over HTTPS, but it only supports HTTP.
ERROR 2025-12-26 03:39:52,762 basehttp You're accessing the development server over HTTPS, but it only supports HTTP.
ERROR 2025-12-26 03:39:53,811 basehttp You're accessing the development server over HTTPS, but it only supports HTTP.
ERROR 2025-12-26 03:39:53,812 basehttp You're accessing the development server over HTTPS, but it only supports HTTP.
ERROR 2025-12-26 03:39:53,813 basehttp You're accessing the development server over HTTPS, but it only supports HTTP.
ERROR 2025-12-26 03:39:53,815 basehttp You're accessing the development server over HTTPS, but it only supports HTTP.
ERROR 2025-12-26 03:39:53,816 basehttp You're accessing the development server over HTTPS, but it only supports HTTP.
ERROR 2025-12-26 03:39:53,816 basehttp You're accessing the development server over HTTPS, but it only supports HTTP.
ERROR 2025-12-26 03:39:54,282 basehttp You're accessing the development server over HTTPS, but it only supports HTTP.
ERROR 2025-12-26 03:39:54,282 basehttp You're accessing the development server over HTTPS, but it only supports HTTP.
ERROR 2025-12-26 03:39:54,283 basehttp You're accessing the development server over HTTPS, but it only supports HTTP.
ERROR 2025-12-26 03:39:54,283 basehttp You're accessing the development server over HTTPS, but it only supports HTTP.
ERROR 2025-12-26 03:39:54,866 basehttp You're accessing the development server over HTTPS, but it only supports HTTP.
ERROR 2025-12-26 03:39:54,866 basehttp You're accessing the development server over HTTPS, but it only supports HTTP.
ERROR 2025-12-26 03:39:54,866 basehttp You're accessing the development server over HTTPS, but it only supports HTTP.
ERROR 2025-12-26 03:39:54,867 basehttp You're accessing the development server over HTTPS, but it only supports HTTP.
ERROR 2025-12-26 03:39:56,921 basehttp You're accessing the development server over HTTPS, but it only supports HTTP.
ERROR 2025-12-26 03:39:56,922 basehttp You're accessing the development server over HTTPS, but it only supports HTTP.
ERROR 2025-12-26 03:39:57,682 basehttp You're accessing the development server over HTTPS, but it only supports HTTP.
ERROR 2025-12-26 03:39:57,683 basehttp You're accessing the development server over HTTPS, but it only supports HTTP.
ERROR 2025-12-26 03:39:57,683 basehttp You're accessing the development server over HTTPS, but it only supports HTTP.
ERROR 2025-12-26 03:39:57,683 basehttp You're accessing the development server over HTTPS, but it only supports HTTP.
ERROR 2025-12-26 03:39:57,684 basehttp You're accessing the development server over HTTPS, but it only supports HTTP.
ERROR 2025-12-26 03:39:57,684 basehttp You're accessing the development server over HTTPS, but it only supports HTTP.
ERROR 2025-12-26 03:39:57,855 basehttp You're accessing the development server over HTTPS, but it only supports HTTP.
ERROR 2025-12-26 03:39:57,855 basehttp You're accessing the development server over HTTPS, but it only supports HTTP.
ERROR 2025-12-26 03:39:57,856 basehttp You're accessing the development server over HTTPS, but it only supports HTTP.
ERROR 2025-12-26 03:39:57,856 basehttp You're accessing the development server over HTTPS, but it only supports HTTP.
ERROR 2025-12-26 03:40:03,150 basehttp You're accessing the development server over HTTPS, but it only supports HTTP.
ERROR 2025-12-26 03:40:03,150 basehttp You're accessing the development server over HTTPS, but it only supports HTTP.
ERROR 2025-12-26 03:43:55,051 log Invalid HTTP_HOST header: '192.168.0.105:8000'. You may need to add '192.168.0.105' to ALLOWED_HOSTS.
Traceback (most recent call last):
  File "/home/banda/Desktop/pasport/venv/lib/python3.10/site-packages/django/core/handlers/exception.py", line 55, in inner
    response = get_response(request)
  File "/home/banda/Desktop/pasport/venv/lib/python3.10/site-packages/django/utils/deprecation.py", line 119, in __call__
    response = self.process_request(request)
  File "/home/banda/Desktop/pasport/venv/lib/python3.10/site-packages/django/middleware/security.py", line 28, in process_request
    host = self.redirect_host or request.get_host()
  File "/home/banda/Desktop/pasport/venv/lib/python3.10/site-packages/django/http/request.py", line 202, in get_host
    raise DisallowedHost(msg)
django.core.exceptions.DisallowedHost: Invalid HTTP_HOST header: '192.168.0.105:8000'. You may need to add '192.168.0.105' to ALLOWED_HOSTS.
ERROR 2025-12-26 03:43:55,326 log Invalid HTTP_HOST header: '192.168.0.105:8000'. You may need to add '192.168.0.105' to ALLOWED_HOSTS.
Traceback (most recent call last):
  File "/home/banda/Desktop/pasport/venv/lib/python3.10/site-packages/django/core/handlers/exception.py", line 55, in inner
    response = get_response(request)
  File "/home/banda/Desktop/pasport/venv/lib/python3.10/site-packages/django/utils/deprecation.py", line 119, in __call__
    response = self.process_request(request)
  File "/home/banda/Desktop/pasport/venv/lib/python3.10/site-packages/django/middleware/security.py", line 28, in process_request
    host = self.redirect_host or request.get_host()
  File "/home/banda/Desktop/pasport/venv/lib/python3.10/site-packages/django/http/request.py", line 202, in get_host
    raise DisallowedHost(msg)
django.core.exceptions.DisallowedHost: Invalid HTTP_HOST header: '192.168.0.105:8000'. You may need to add '192.168.0.105' to ALLOWED_HOSTS.
ERROR 2025-12-26 03:45:13,343 log Invalid HTTP_HOST header: '192.168.0.105:8000'. You may need to add '192.168.0.105' to ALLOWED_HOSTS.
Traceback (most recent call last):
  File "/home/banda/Desktop/pasport/venv/lib/python3.10/site-packages/django/core/handlers/exception.py", line 55, in inner
    response = get_response(request)
  File "/home/banda/Desktop/pasport/venv/lib/python3.10/site-packages/django/utils/deprecation.py", line 119, in __call__
    response = self.process_request(request)
  File "/home/banda/Desktop/pasport/venv/lib/python3.10/site-packages/django/middleware/security.py", line 28, in process_request
    host = self.redirect_host or request.get_host()
  File "/home/banda/Desktop/pasport/venv/lib/python3.10/site-packages/django/http/request.py", line 202, in get_host
    raise DisallowedHost(msg)
django.core.exceptions.DisallowedHost: Invalid HTTP_HOST header: '192.168.0.105:8000'. You may need to add '192.168.0.105' to ALLOWED_HOSTS.
ERROR 2025-12-26 03:45:13,392 log Invalid HTTP_HOST header: '192.168.0.105:8000'. You may need to add '192.168.0.105' to ALLOWED_HOSTS.
Traceback (most recent call last):
  File "/home/banda/Desktop/pasport/venv/lib/python3.10/site-packages/django/core/handlers/exception.py", line 55, in inner
    response = get_response(request)
  File "/home/banda/Desktop/pasport/venv/lib/python3.10/site-packages/django/utils/deprecation.py", line 119, in __call__
    response = self.process_request(request)
  File "/home/banda/Desktop/pasport/venv/lib/python3.10/site-packages/django/middleware/security.py", line 28, in process_request
    host = self.redirect_host or request.get_host()
  File "/home/banda/Desktop/pasport/venv/lib/python3.10/site-packages/django/http/request.py", line 202, in get_host
    raise DisallowedHost(msg)
django.core.exceptions.DisallowedHost: Invalid HTTP_HOST header: '192.168.0.105:8000'. You may need to add '192.168.0.105' to ALLOWED_HOSTS.
ERROR 2025-12-26 03:45:14,558 log Invalid HTTP_HOST header: '192.168.0.105:8000'. You may need to add '192.168.0.105' to ALLOWED_HOSTS.
Traceback (most recent call last):
  File "/home/banda/Desktop/pasport/venv/lib/python3.10/site-packages/django/core/handlers/exception.py", line 55, in inner
    response = get_response(request)
  File "/home/banda/Desktop/pasport/venv/lib/python3.10/site-packages/django/utils/deprecation.py", line 119, in __call__
    response = self.process_request(request)
  File "/home/banda/Desktop/pasport/venv/lib/python3.10/site-packages/django/middleware/security.py", line 28, in process_request
    host = self.redirect_host or request.get_host()
  File "/home/banda/Desktop/pasport/venv/lib/python3.10/site-packages/django/http/request.py", line 202, in get_host
    raise DisallowedHost(msg)
django.core.exceptions.DisallowedHost: Invalid HTTP_HOST header: '192.168.0.105:8000'. You may need to add '192.168.0.105' to ALLOWED_HOSTS.
ERROR 2025-12-26 03:45:14,594 log Invalid HTTP_HOST header: '192.168.0.105:8000'. You may need to add '192.168.0.105' to ALLOWED_HOSTS.
Traceback (most recent call last):
  File "/home/banda/Desktop/pasport/venv/lib/python3.10/site-packages/django/core/handlers/exception.py", line 55, in inner
    response = get_response(request)
  File "/home/banda/Desktop/pasport/venv/lib/python3.10/site-packages/django/utils/deprecation.py", line 119, in __call__
    response = self.process_request(request)
  File "/home/banda/Desktop/pasport/venv/lib/python3.10/site-packages/django/middleware/security.py", line 28, in process_request
    host = self.redirect_host or request.get_host()
  File "/home/banda/Desktop/pasport/venv/lib/python3.10/site-packages/django/http/request.py", line 202, in get_host
    raise DisallowedHost(msg)
django.core.exceptions.DisallowedHost: Invalid HTTP_HOST header: '192.168.0.105:8000'. You may need to add '192.168.0.105' to ALLOWED_HOSTS.
ERROR 2025-12-26 03:48:15,549 log Invalid HTTP_HOST header: '192.168.0.105:8000'. You may need to add '192.168.0.105' to ALLOWED_HOSTS.
Traceback (most recent call last):
  File "/home/banda/Desktop/pasport/venv/lib/python3.10/site-packages/django/core/handlers/exception.py", line 55, in inner
    response = get_response(request)
  File "/home/banda/Desktop/pasport/venv/lib/python3.10/site-packages/django/utils/deprecation.py", line 119, in __call__
    response = self.process_request(request)
  File "/home/banda/Desktop/pasport/venv/lib/python3.10/site-packages/django/middleware/common.py", line 48, in process_request
    host = request.get_host()
  File "/home/banda/Desktop/pasport/venv/lib/python3.10/site-packages/django/http/request.py", line 202, in get_host
    raise DisallowedHost(msg)
django.core.exceptions.DisallowedHost: Invalid HTTP_HOST header: '192.168.0.105:8000'. You may need to add '192.168.0.105' to ALLOWED_HOSTS.
ERROR 2025-12-26 03:48:15,732 log Invalid HTTP_HOST header: '192.168.0.105:8000'. You may need to add '192.168.0.105' to ALLOWED_HOSTS.
Traceback (most recent call last):
  File "/home/banda/Desktop/pasport/venv/lib/python3.10/site-packages/django/core/handlers/exception.py", line 55, in inner
    response = get_response(request)
  File "/home/banda/Desktop/pasport/venv/lib/python3.10/site-packages/django/utils/deprecation.py", line 119, in __call__
    response = self.process_request(request)
  File "/home/banda/Desktop/pasport/venv/lib/python3.10/site-packages/django/middleware/common.py", line 48, in process_request
    host = request.get_host()
  File "/home/banda/Desktop/pasport/venv/lib/python3.10/site-packages/django/http/request.py", line 202, in get_host
    raise DisallowedHost(msg)
django.core.exceptions.DisallowedHost: Invalid HTTP_HOST header: '192.168.0.105:8000'. You may need to add '192.168.0.105' to ALLOWED_HOSTS.
ERROR 2025-12-26 03:48:17,293 log Invalid HTTP_HOST header: '192.168.0.105:8000'. You may need to add '192.168.0.105' to ALLOWED_HOSTS.
Traceback (most recent call last):
  File "/home/banda/Desktop/pasport/venv/lib/python3.10/site-packages/django/core/handlers/exception.py", line 55, in inner
    response = get_response(request)
  File "/home/banda/Desktop/pasport/venv/lib/python3.10/site-packages/django/utils/deprecation.py", line 119, in __call__
    response = self.process_request(request)
  File "/home/banda/Desktop/pasport/venv/lib/python3.10/site-packages/django/middleware/common.py", line 48, in process_request
    host = request.get_host()
  File "/home/banda/Desktop/pasport/venv/lib/python3.10/site-packages/django/http/request.py", line 202, in get_host
    raise DisallowedHost(msg)
django.core.exceptions.DisallowedHost: Invalid HTTP_HOST header: '192.168.0.105:8000'. You may need to add '192.168.0.105' to ALLOWED_HOSTS.
ERROR 2025-12-26 03:48:17,335 log Invalid HTTP_HOST header: '192.168.0.105:8000'. You may need to add '192.168.0.105' to ALLOWED_HOSTS.
Traceback (most recent call last):
  File "/home/banda/Desktop/pasport/venv/lib/python3.10/site-packages/django/core/handlers/exception.py", line 55, in inner
    response = get_response(request)
  File "/home/banda/Desktop/pasport/venv/lib/python3.10/site-packages/django/utils/deprecation.py", line 119, in __call__
    response = self.process_request(request)
  File "/home/banda/Desktop/pasport/venv/lib/python3.10/site-packages/django/middleware/common.py", line 48, in process_request
    host = request.get_host()
  File "/home/banda/Desktop/pasport/venv/lib/python3.10/site-packages/django/http/request.py", line 202, in get_host
    raise DisallowedHost(msg)
django.core.exceptions.DisallowedHost: Invalid HTTP_HOST header: '192.168.0.105:8000'. You may need to add '192.168.0.105' to ALLOWED_HOSTS.
ERROR 2025-12-26 03:48:18,430 log Invalid HTTP_HOST header: '192.168.0.105:8000'. You may need to add '192.168.0.105' to ALLOWED_HOSTS.
Traceback (most recent call last):
  File "/home/banda/Desktop/pasport/venv/lib/python3.10/site-packages/django/core/handlers/exception.py", line 55, in inner
    response = get_response(request)
  File "/home/banda/Desktop/pasport/venv/lib/python3.10/site-packages/django/utils/deprecation.py", line 119, in __call__
    response = self.process_request(request)
  File "/home/banda/Desktop/pasport/venv/lib/python3.10/site-packages/django/middleware/common.py", line 48, in process_request
    host = request.get_host()
  File "/home/banda/Desktop/pasport/venv/lib/python3.10/site-packages/django/http/request.py", line 202, in get_host
    raise DisallowedHost(msg)
django.core.exceptions.DisallowedHost: Invalid HTTP_HOST header: '192.168.0.105:8000'. You may need to add '192.168.0.105' to ALLOWED_HOSTS.
ERROR 2025-12-26 03:48:18,462 log Invalid HTTP_HOST header: '192.168.0.105:8000'. You may need to add '192.168.0.105' to ALLOWED_HOSTS.
Traceback (most recent call last):
  File "/home/banda/Desktop/pasport/venv/lib/python3.10/site-packages/django/core/handlers/exception.py", line 55, in inner
    response = get_response(request)
  File "/home/banda/Desktop/pasport/venv/lib/python3.10/site-packages/django/utils/deprecation.py", line 119, in __call__
    response = self.process_request(request)
  File "/home/banda/Desktop/pasport/venv/lib/python3.10/site-packages/django/middleware/common.py", line 48, in process_request
    host = request.get_host()
  File "/home/banda/Desktop/pasport/venv/lib/python3.10/site-packages/django/http/request.py", line 202, in get_host
    raise DisallowedHost(msg)
django.core.exceptions.DisallowedHost: Invalid HTTP_HOST header: '192.168.0.105:8000'. You may need to add '192.168.0.105' to ALLOWED_HOSTS.
ERROR 2025-12-26 04:00:24,958 basehttp You're accessing the development server over HTTPS, but it only supports HTTP.
ERROR 2025-12-26 04:00:24,958 basehttp You're accessing the development server over HTTPS, but it only supports HTTP.
ERROR 2025-12-26 04:00:28,725 basehttp You're accessing the development server over HTTPS, but it only supports HTTP.
ERROR 2025-12-26 04:00:28,725 basehttp You're accessing the development server over HTTPS, but it only supports HTTP.
You're accessing the development server over HTTPS, but it only supports HTTP.
You're accessing the development server over HTTPS, but it only supports HTTP.
You're accessing the development server over HTTPS, but it only supports HTTP.
You're accessing the development server over HTTPS, but it only supports HTTP.
You're accessing the development server over HTTPS, but it only supports HTTP.
You're accessing the development server over HTTPS, but it only supports HTTP.
You're accessing the development server over HTTPS, but it only supports HTTP.
You're accessing the development server over HTTPS, but it only supports HTTP.
You're accessing the development server over HTTPS, but it only supports HTTP.
You're accessing the development server over HTTPS, but it only supports HTTP.
You're accessing the development server over HTTPS, but it only supports HTTP.
You're accessing the development server over HTTPS, but it only supports HTTP.
You're accessing the development server over HTTPS, but it only supports HTTP.
You're accessing the development server over HTTPS, but it only supports HTTP.
You're accessing the development server over HTTPS, but it only supports HTTP.
You're accessing the development server over HTTPS, but it only supports HTTP.
You're accessing the development server over HTTPS, but it only supports HTTP.
You're accessing the development server over HTTPS, but it only supports HTTP.
You're accessing the development server over HTTPS, but it only supports HTTP.
You're accessing the development server over HTTPS, but it only supports HTTP.
You're accessing the development server over HTTPS, but it only supports HTTP.
You're accessing the development server over HTTPS, but it only supports HTTP.
You're accessing the development server over HTTPS, but it only supports HTTP.
You're accessing the development server over HTTPS, but it only supports HTTP.
You're accessing the development server over HTTPS, but it only supports HTTP.
You're accessing the development server over HTTPS, but it only supports HTTP.
